in_source: |
  section .data
      hello: "Hello, world!\n"


  section .text

  print:
      mov r0, *a0
  .loop:
      inc a0
      cmp r0, 0
      je .exit
      mov *1001, *a0
      dec r0
      jmp .loop
  .exit:
      ret

  start:
      mov a0, hello
      call print
      halt
in_stdin: |

out_code: |-
  [
    {
      "tag": "OPCODE",
      "op": "jmp"
    },
    {
      "tag": "ARGUMENT",
      "arg": {
        "tag": "NUMBER",
        "symbol": "start",
        "val": 20
      }
    },
    {
      "tag": "OPCODE",
      "op": "movmem2reg"
    },
    {
      "tag": "ARGUMENT",
      "arg": {
        "tag": "ADDRESS_REGISTER",
        "reg": "a0"
      }
    },
    {
      "tag": "ARGUMENT",
      "arg": {
        "tag": "REGISTER",
        "reg": "r0"
      }
    },
    {
      "tag": "OPCODE",
      "op": "inc"
    },
    {
      "tag": "ARGUMENT",
      "arg": {
        "tag": "REGISTER",
        "reg": "a0"
      }
    },
    {
      "tag": "OPCODE",
      "op": "cmp"
    },
    {
      "tag": "ARGUMENT",
      "arg": {
        "tag": "REGISTER",
        "reg": "r0"
      }
    },
    {
      "tag": "ARGUMENT",
      "arg": {
        "tag": "NUMBER",
        "val": 0
      }
    },
    {
      "tag": "OPCODE",
      "op": "je"
    },
    {
      "tag": "ARGUMENT",
      "arg": {
        "tag": "NUMBER",
        "symbol": "print_exit",
        "val": 19
      }
    },
    {
      "tag": "OPCODE",
      "op": "movmem2mem"
    },
    {
      "tag": "ARGUMENT",
      "arg": {
        "tag": "ADDRESS_REGISTER",
        "reg": "a0"
      }
    },
    {
      "tag": "ARGUMENT",
      "arg": {
        "tag": "ADDRESS_EXACT",
        "val": 1001
      }
    },
    {
      "tag": "OPCODE",
      "op": "dec"
    },
    {
      "tag": "ARGUMENT",
      "arg": {
        "tag": "REGISTER",
        "reg": "r0"
      }
    },
    {
      "tag": "OPCODE",
      "op": "jmp"
    },
    {
      "tag": "ARGUMENT",
      "arg": {
        "tag": "NUMBER",
        "symbol": "print_loop",
        "val": 5
      }
    },
    {
      "tag": "OPCODE",
      "op": "ret"
    },
    {
      "tag": "OPCODE",
      "op": "movnum2reg"
    },
    {
      "tag": "ARGUMENT",
      "arg": {
        "tag": "NUMBER",
        "symbol": "hello",
        "val": 27
      }
    },
    {
      "tag": "ARGUMENT",
      "arg": {
        "tag": "REGISTER",
        "reg": "a0"
      }
    },
    {
      "tag": "OPCODE",
      "op": "call"
    },
    {
      "tag": "ARGUMENT",
      "arg": {
        "tag": "NUMBER",
        "symbol": "print",
        "val": 2
      }
    },
    {
      "tag": "OPCODE",
      "op": "halt"
    },
    {
      "tag": "BINARY",
      "val": 0
    },
    {
      "tag": "BINARY",
      "val": 14
    },
    {
      "tag": "BINARY",
      "val": 72
    },
    {
      "tag": "BINARY",
      "val": 101
    },
    {
      "tag": "BINARY",
      "val": 108
    },
    {
      "tag": "BINARY",
      "val": 108
    },
    {
      "tag": "BINARY",
      "val": 111
    },
    {
      "tag": "BINARY",
      "val": 44
    },
    {
      "tag": "BINARY",
      "val": 32
    },
    {
      "tag": "BINARY",
      "val": 119
    },
    {
      "tag": "BINARY",
      "val": 111
    },
    {
      "tag": "BINARY",
      "val": 114
    },
    {
      "tag": "BINARY",
      "val": 108
    },
    {
      "tag": "BINARY",
      "val": 100
    },
    {
      "tag": "BINARY",
      "val": 33
    },
    {
      "tag": "BINARY",
      "val": 10
    }
  ]

out_stdout: |+
  LoC: 23 code instr: 12
  Hello, world!

out_log: |
  DEBUG   machine:execute_next_instruction tick=0      ip=0x0     ar=0x0     dr=0x0     a0=0x0     a1=0x0     a2=0x0     a3=0x0     r0=0x0     r1=0x0     r2=0x0     r3=0x0     sp=0x800   fl=0x0     stack_top=?
  DEBUG   machine:execute_next_instruction JUMP
  DEBUG   machine:execute_next_instruction tick=3      ip=0x14    ar=0x0     dr=0x0     a0=0x0     a1=0x0     a2=0x0     a3=0x0     r0=0x0     r1=0x0     r2=0x0     r3=0x0     sp=0x800   fl=0x0     stack_top=?
  DEBUG   machine:execute_next_instruction MOVE_NUM_TO_REG
  DEBUG   machine:execute_next_instruction tick=9      ip=0x17    ar=0x0     dr=0x0     a0=0x1b    a1=0x0     a2=0x0     a3=0x0     r0=0x0     r1=0x0     r2=0x0     r3=0x0     sp=0x800   fl=0x0     stack_top=?
  DEBUG   machine:execute_next_instruction CALL
  DEBUG   machine:execute_next_instruction tick=15     ip=0x2     ar=0x7ff   dr=0x19    a0=0x1b    a1=0x0     a2=0x0     a3=0x0     r0=0x0     r1=0x0     r2=0x0     r3=0x0     sp=0x7ff   fl=0x0     stack_top=0x19
  DEBUG   machine:execute_next_instruction MOVE_MEM_TO_REG
  DEBUG   machine:execute_next_instruction tick=23     ip=0x5     ar=0x1b    dr=0xe     a0=0x1b    a1=0x0     a2=0x0     a3=0x0     r0=0xe     r1=0x0     r2=0x0     r3=0x0     sp=0x7ff   fl=0x0     stack_top=0x19
  DEBUG   machine:execute_next_instruction INCREMENT
  DEBUG   machine:execute_next_instruction tick=27     ip=0x7     ar=0x1b    dr=0xe     a0=0x1c    a1=0x0     a2=0x0     a3=0x0     r0=0xe     r1=0x0     r2=0x0     r3=0x0     sp=0x7ff   fl=0x0     stack_top=0x19
  DEBUG   machine:execute_next_instruction COMPARE
  DEBUG   machine:execute_next_instruction tick=33     ip=0xa     ar=0x1b    dr=0xe     a0=0x1c    a1=0x0     a2=0x0     a3=0x0     r0=0xe     r1=0x0     r2=0x0     r3=0x0     sp=0x7ff   fl=0x0     stack_top=0x19
  DEBUG   machine:execute_next_instruction JUMP_EQUAL
  DEBUG   machine:execute_next_instruction tick=36     ip=0xc     ar=0x1b    dr=0xe     a0=0x1c    a1=0x0     a2=0x0     a3=0x0     r0=0xe     r1=0x0     r2=0x0     r3=0x0     sp=0x7ff   fl=0x0     stack_top=0x19
  DEBUG   machine:execute_next_instruction MOVE_MEM_TO_MEM
  DEBUG   machine:signal_write_memory output: '' <- 'H'
  DEBUG   machine:execute_next_instruction tick=45     ip=0xf     ar=0x3e9   dr=0x48    a0=0x1c    a1=0x0     a2=0x0     a3=0x0     r0=0xe     r1=0x0     r2=0x0     r3=0x0     sp=0x7ff   fl=0x0     stack_top=0x19
  DEBUG   machine:execute_next_instruction DECREMENT
  DEBUG   machine:execute_next_instruction tick=49     ip=0x11    ar=0x3e9   dr=0x48    a0=0x1c    a1=0x0     a2=0x0     a3=0x0     r0=0xd     r1=0x0     r2=0x0     r3=0x0     sp=0x7ff   fl=0x0     stack_top=0x19
  DEBUG   machine:execute_next_instruction JUMP
  DEBUG   machine:execute_next_instruction tick=52     ip=0x5     ar=0x3e9   dr=0x48    a0=0x1c    a1=0x0     a2=0x0     a3=0x0     r0=0xd     r1=0x0     r2=0x0     r3=0x0     sp=0x7ff   fl=0x0     stack_top=0x19
  DEBUG   machine:execute_next_instruction INCREMENT
  DEBUG   machine:execute_next_instruction tick=56     ip=0x7     ar=0x3e9   dr=0x48    a0=0x1d    a1=0x0     a2=0x0     a3=0x0     r0=0xd     r1=0x0     r2=0x0     r3=0x0     sp=0x7ff   fl=0x0     stack_top=0x19
  DEBUG   machine:execute_next_instruction COMPARE
  DEBUG   machine:execute_next_instruction tick=62     ip=0xa     ar=0x3e9   dr=0x48    a0=0x1d    a1=0x0     a2=0x0     a3=0x0     r0=0xd     r1=0x0     r2=0x0     r3=0x0     sp=0x7ff   fl=0x0     stack_top=0x19
  DEBUG   machine:execute_next_instruction JUMP_EQUAL
  DEBUG   machine:execute_next_instruction tick=65     ip=0xc     ar=0x3e9   dr=0x48    a0=0x1d    a1=0x0     a2=0x0     a3=0x0     r0=0xd     r1=0x0     r2=0x0     r3=0x0     sp=0x7ff   fl=0x0     stack_top=0x19
  DEBUG   machine:execute_next_instruction MOVE_MEM_TO_MEM
  DEBUG   machine:signal_write_memory output: 'H' <- 'e'
  DEBUG   machine:execute_next_instruction tick=74     ip=0xf     ar=0x3e9   dr=0x65    a0=0x1d    a1=0x0     a2=0x0     a3=0x0     r0=0xd     r1=0x0     r2=0x0     r3=0x0     sp=0x7ff   fl=0x0     stack_top=0x19
  DEBUG   machine:execute_next_instruction DECREMENT
  DEBUG   machine:execute_next_instruction tick=78     ip=0x11    ar=0x3e9   dr=0x65    a0=0x1d    a1=0x0     a2=0x0     a3=0x0     r0=0xc     r1=0x0     r2=0x0     r3=0x0     sp=0x7ff   fl=0x0     stack_top=0x19
  DEBUG   machine:execute_next_instruction JUMP
  DEBUG   machine:execute_next_instruction tick=81     ip=0x5     ar=0x3e9   dr=0x65    a0=0x1d    a1=0x0     a2=0x0     a3=0x0     r0=0xc     r1=0x0     r2=0x0     r3=0x0     sp=0x7ff   fl=0x0     stack_top=0x19
  DEBUG   machine:execute_next_instruction INCREMENT
  DEBUG   machine:execute_next_instruction tick=85     ip=0x7     ar=0x3e9   dr=0x65    a0=0x1e    a1=0x0     a2=0x0     a3=0x0     r0=0xc     r1=0x0     r2=0x0     r3=0x0     sp=0x7ff   fl=0x0     stack_top=0x19
  DEBUG   machine:execute_next_instruction COMPARE
  DEBUG   machine:execute_next_instruction tick=91     ip=0xa     ar=0x3e9   dr=0x65    a0=0x1e    a1=0x0     a2=0x0     a3=0x0     r0=0xc     r1=0x0     r2=0x0     r3=0x0     sp=0x7ff   fl=0x0     stack_top=0x19
  DEBUG   machine:execute_next_instruction JUMP_EQUAL
  DEBUG   machine:execute_next_instruction tick=94     ip=0xc     ar=0x3e9   dr=0x65    a0=0x1e    a1=0x0     a2=0x0     a3=0x0     r0=0xc     r1=0x0     r2=0x0     r3=0x0     sp=0x7ff   fl=0x0     stack_top=0x19
  DEBUG   machine:execute_next_instruction MOVE_MEM_TO_MEM
  DEBUG   machine:signal_write_memory output: 'He' <- 'l'
  DEBUG   machine:execute_next_instruction tick=103    ip=0xf     ar=0x3e9   dr=0x6c    a0=0x1e    a1=0x0     a2=0x0     a3=0x0     r0=0xc     r1=0x0     r2=0x0     r3=0x0     sp=0x7ff   fl=0x0     stack_top=0x19
  DEBUG   machine:execute_next_instruction DECREMENT
  DEBUG   machine:execute_next_instruction tick=107    ip=0x11    ar=0x3e9   dr=0x6c    a0=0x1e    a1=0x0     a2=0x0     a3=0x0     r0=0xb     r1=0x0     r2=0x0     r3=0x0     sp=0x7ff   fl=0x0     stack_top=0x19
  DEBUG   machine:execute_next_instruction JUMP
  DEBUG   machine:execute_next_instruction tick=110    ip=0x5     ar=0x3e9   dr=0x6c    a0=0x1e    a1=0x0     a2=0x0     a3=0x0     r0=0xb     r1=0x0     r2=0x0     r3=0x0     sp=0x7ff   fl=0x0     stack_top=0x19
  DEBUG   machine:execute_next_instruction INCREMENT
  DEBUG   machine:execute_next_instruction tick=114    ip=0x7     ar=0x3e9   dr=0x6c    a0=0x1f    a1=0x0     a2=0x0     a3=0x0     r0=0xb     r1=0x0     r2=0x0     r3=0x0     sp=0x7ff   fl=0x0     stack_top=0x19
  DEBUG   machine:execute_next_instruction COMPARE
  DEBUG   machine:execute_next_instruction tick=120    ip=0xa     ar=0x3e9   dr=0x6c    a0=0x1f    a1=0x0     a2=0x0     a3=0x0     r0=0xb     r1=0x0     r2=0x0     r3=0x0     sp=0x7ff   fl=0x0     stack_top=0x19
  DEBUG   machine:execute_next_instruction JUMP_EQUAL
  DEBUG   machine:execute_next_instruction tick=123    ip=0xc     ar=0x3e9   dr=0x6c    a0=0x1f    a1=0x0     a2=0x0     a3=0x0     r0=0xb     r1=0x0     r2=0x0     r3=0x0     sp=0x7ff   fl=0x0     stack_top=0x19
  DEBUG   machine:execute_next_instruction MOVE_MEM_TO_MEM
  DEBUG   machine:signal_write_memory output: 'Hel' <- 'l'
  DEBUG   machine:execute_next_instruction tick=132    ip=0xf     ar=0x3e9   dr=0x6c    a0=0x1f    a1=0x0     a2=0x0     a3=0x0     r0=0xb     r1=0x0     r2=0x0     r3=0x0     sp=0x7ff   fl=0x0     stack_top=0x19
  DEBUG   machine:execute_next_instruction DECREMENT
  DEBUG   machine:execute_next_instruction tick=136    ip=0x11    ar=0x3e9   dr=0x6c    a0=0x1f    a1=0x0     a2=0x0     a3=0x0     r0=0xa     r1=0x0     r2=0x0     r3=0x0     sp=0x7ff   fl=0x0     stack_top=0x19
  DEBUG   machine:execute_next_instruction JUMP
  DEBUG   machine:execute_next_instruction tick=139    ip=0x5     ar=0x3e9   dr=0x6c    a0=0x1f    a1=0x0     a2=0x0     a3=0x0     r0=0xa     r1=0x0     r2=0x0     r3=0x0     sp=0x7ff   fl=0x0     stack_top=0x19
  DEBUG   machine:execute_next_instruction INCREMENT
  DEBUG   machine:execute_next_instruction tick=143    ip=0x7     ar=0x3e9   dr=0x6c    a0=0x20    a1=0x0     a2=0x0     a3=0x0     r0=0xa     r1=0x0     r2=0x0     r3=0x0     sp=0x7ff   fl=0x0     stack_top=0x19
  DEBUG   machine:execute_next_instruction COMPARE
  DEBUG   machine:execute_next_instruction tick=149    ip=0xa     ar=0x3e9   dr=0x6c    a0=0x20    a1=0x0     a2=0x0     a3=0x0     r0=0xa     r1=0x0     r2=0x0     r3=0x0     sp=0x7ff   fl=0x0     stack_top=0x19
  DEBUG   machine:execute_next_instruction JUMP_EQUAL
  DEBUG   machine:execute_next_instruction tick=152    ip=0xc     ar=0x3e9   dr=0x6c    a0=0x20    a1=0x0     a2=0x0     a3=0x0     r0=0xa     r1=0x0     r2=0x0     r3=0x0     sp=0x7ff   fl=0x0     stack_top=0x19
  DEBUG   machine:execute_next_instruction MOVE_MEM_TO_MEM
  DEBUG   machine:signal_write_memory output: 'Hell' <- 'o'
  DEBUG   machine:execute_next_instruction tick=161    ip=0xf     ar=0x3e9   dr=0x6f    a0=0x20    a1=0x0     a2=0x0     a3=0x0     r0=0xa     r1=0x0     r2=0x0     r3=0x0     sp=0x7ff   fl=0x0     stack_top=0x19
  DEBUG   machine:execute_next_instruction DECREMENT
  DEBUG   machine:execute_next_instruction tick=165    ip=0x11    ar=0x3e9   dr=0x6f    a0=0x20    a1=0x0     a2=0x0     a3=0x0     r0=0x9     r1=0x0     r2=0x0     r3=0x0     sp=0x7ff   fl=0x0     stack_top=0x19
  DEBUG   machine:execute_next_instruction JUMP
  DEBUG   machine:execute_next_instruction tick=168    ip=0x5     ar=0x3e9   dr=0x6f    a0=0x20    a1=0x0     a2=0x0     a3=0x0     r0=0x9     r1=0x0     r2=0x0     r3=0x0     sp=0x7ff   fl=0x0     stack_top=0x19
  DEBUG   machine:execute_next_instruction INCREMENT
  DEBUG   machine:execute_next_instruction tick=172    ip=0x7     ar=0x3e9   dr=0x6f    a0=0x21    a1=0x0     a2=0x0     a3=0x0     r0=0x9     r1=0x0     r2=0x0     r3=0x0     sp=0x7ff   fl=0x0     stack_top=0x19
  DEBUG   machine:execute_next_instruction COMPARE
  DEBUG   machine:execute_next_instruction tick=178    ip=0xa     ar=0x3e9   dr=0x6f    a0=0x21    a1=0x0     a2=0x0     a3=0x0     r0=0x9     r1=0x0     r2=0x0     r3=0x0     sp=0x7ff   fl=0x0     stack_top=0x19
  DEBUG   machine:execute_next_instruction JUMP_EQUAL
  DEBUG   machine:execute_next_instruction tick=181    ip=0xc     ar=0x3e9   dr=0x6f    a0=0x21    a1=0x0     a2=0x0     a3=0x0     r0=0x9     r1=0x0     r2=0x0     r3=0x0     sp=0x7ff   fl=0x0     stack_top=0x19
  DEBUG   machine:execute_next_instruction MOVE_MEM_TO_MEM
  DEBUG   machine:signal_write_memory output: 'Hello' <- ','
  DEBUG   machine:execute_next_instruction tick=190    ip=0xf     ar=0x3e9   dr=0x2c    a0=0x21    a1=0x0     a2=0x0     a3=0x0     r0=0x9     r1=0x0     r2=0x0     r3=0x0     sp=0x7ff   fl=0x0     stack_top=0x19
  DEBUG   machine:execute_next_instruction DECREMENT
  DEBUG   machine:execute_next_instruction tick=194    ip=0x11    ar=0x3e9   dr=0x2c    a0=0x21    a1=0x0     a2=0x0     a3=0x0     r0=0x8     r1=0x0     r2=0x0     r3=0x0     sp=0x7ff   fl=0x0     stack_top=0x19
  DEBUG   machine:execute_next_instruction JUMP
  DEBUG   machine:execute_next_instruction tick=197    ip=0x5     ar=0x3e9   dr=0x2c    a0=0x21    a1=0x0     a2=0x0     a3=0x0     r0=0x8     r1=0x0     r2=0x0     r3=0x0     sp=0x7ff   fl=0x0     stack_top=0x19
  DEBUG   machine:execute_next_instruction INCREMENT
  DEBUG   machine:execute_next_instruction tick=201    ip=0x7     ar=0x3e9   dr=0x2c    a0=0x22    a1=0x0     a2=0x0     a3=0x0     r0=0x8     r1=0x0     r2=0x0     r3=0x0     sp=0x7ff   fl=0x0     stack_top=0x19
  DEBUG   machine:execute_next_instruction COMPARE
  DEBUG   machine:execute_next_instruction tick=207    ip=0xa     ar=0x3e9   dr=0x2c    a0=0x22    a1=0x0     a2=0x0     a3=0x0     r0=0x8     r1=0x0     r2=0x0     r3=0x0     sp=0x7ff   fl=0x0     stack_top=0x19
  DEBUG   machine:execute_next_instruction JUMP_EQUAL
  DEBUG   machine:execute_next_instruction tick=210    ip=0xc     ar=0x3e9   dr=0x2c    a0=0x22    a1=0x0     a2=0x0     a3=0x0     r0=0x8     r1=0x0     r2=0x0     r3=0x0     sp=0x7ff   fl=0x0     stack_top=0x19
  DEBUG   machine:execute_next_instruction MOVE_MEM_TO_MEM
  DEBUG   machine:signal_write_memory output: 'Hello,' <- ' '
  DEBUG   machine:execute_next_instruction tick=219    ip=0xf     ar=0x3e9   dr=0x20    a0=0x22    a1=0x0     a2=0x0     a3=0x0     r0=0x8     r1=0x0     r2=0x0     r3=0x0     sp=0x7ff   fl=0x0     stack_top=0x19
  DEBUG   machine:execute_next_instruction DECREMENT
  DEBUG   machine:execute_next_instruction tick=223    ip=0x11    ar=0x3e9   dr=0x20    a0=0x22    a1=0x0     a2=0x0     a3=0x0     r0=0x7     r1=0x0     r2=0x0     r3=0x0     sp=0x7ff   fl=0x0     stack_top=0x19
  DEBUG   machine:execute_next_instruction JUMP
  DEBUG   machine:execute_next_instruction tick=226    ip=0x5     ar=0x3e9   dr=0x20    a0=0x22    a1=0x0     a2=0x0     a3=0x0     r0=0x7     r1=0x0     r2=0x0     r3=0x0     sp=0x7ff   fl=0x0     stack_top=0x19
  DEBUG   machine:execute_next_instruction INCREMENT
  DEBUG   machine:execute_next_instruction tick=230    ip=0x7     ar=0x3e9   dr=0x20    a0=0x23    a1=0x0     a2=0x0     a3=0x0     r0=0x7     r1=0x0     r2=0x0     r3=0x0     sp=0x7ff   fl=0x0     stack_top=0x19
  DEBUG   machine:execute_next_instruction COMPARE
  DEBUG   machine:execute_next_instruction tick=236    ip=0xa     ar=0x3e9   dr=0x20    a0=0x23    a1=0x0     a2=0x0     a3=0x0     r0=0x7     r1=0x0     r2=0x0     r3=0x0     sp=0x7ff   fl=0x0     stack_top=0x19
  DEBUG   machine:execute_next_instruction JUMP_EQUAL
  DEBUG   machine:execute_next_instruction tick=239    ip=0xc     ar=0x3e9   dr=0x20    a0=0x23    a1=0x0     a2=0x0     a3=0x0     r0=0x7     r1=0x0     r2=0x0     r3=0x0     sp=0x7ff   fl=0x0     stack_top=0x19
  DEBUG   machine:execute_next_instruction MOVE_MEM_TO_MEM
  DEBUG   machine:signal_write_memory output: 'Hello, ' <- 'w'
  DEBUG   machine:execute_next_instruction tick=248    ip=0xf     ar=0x3e9   dr=0x77    a0=0x23    a1=0x0     a2=0x0     a3=0x0     r0=0x7     r1=0x0     r2=0x0     r3=0x0     sp=0x7ff   fl=0x0     stack_top=0x19
  DEBUG   machine:execute_next_instruction DECREMENT
  DEBUG   machine:execute_next_instruction tick=252    ip=0x11    ar=0x3e9   dr=0x77    a0=0x23    a1=0x0     a2=0x0     a3=0x0     r0=0x6     r1=0x0     r2=0x0     r3=0x0     sp=0x7ff   fl=0x0     stack_top=0x19
  DEBUG   machine:execute_next_instruction JUMP
  DEBUG   machine:execute_next_instruction tick=255    ip=0x5     ar=0x3e9   dr=0x77    a0=0x23    a1=0x0     a2=0x0     a3=0x0     r0=0x6     r1=0x0     r2=0x0     r3=0x0     sp=0x7ff   fl=0x0     stack_top=0x19
  DEBUG   machine:execute_next_instruction INCREMENT
  DEBUG   machine:execute_next_instruction tick=259    ip=0x7     ar=0x3e9   dr=0x77    a0=0x24    a1=0x0     a2=0x0     a3=0x0     r0=0x6     r1=0x0     r2=0x0     r3=0x0     sp=0x7ff   fl=0x0     stack_top=0x19
  DEBUG   machine:execute_next_instruction COMPARE
  DEBUG   machine:execute_next_instruction tick=265    ip=0xa     ar=0x3e9   dr=0x77    a0=0x24    a1=0x0     a2=0x0     a3=0x0     r0=0x6     r1=0x0     r2=0x0     r3=0x0     sp=0x7ff   fl=0x0     stack_top=0x19
  DEBUG   machine:execute_next_instruction JUMP_EQUAL
  DEBUG   machine:execute_next_instruction tick=268    ip=0xc     ar=0x3e9   dr=0x77    a0=0x24    a1=0x0     a2=0x0     a3=0x0     r0=0x6     r1=0x0     r2=0x0     r3=0x0     sp=0x7ff   fl=0x0     stack_top=0x19
  DEBUG   machine:execute_next_instruction MOVE_MEM_TO_MEM
  DEBUG   machine:signal_write_memory output: 'Hello, w' <- 'o'
  DEBUG   machine:execute_next_instruction tick=277    ip=0xf     ar=0x3e9   dr=0x6f    a0=0x24    a1=0x0     a2=0x0     a3=0x0     r0=0x6     r1=0x0     r2=0x0     r3=0x0     sp=0x7ff   fl=0x0     stack_top=0x19
  DEBUG   machine:execute_next_instruction DECREMENT
  DEBUG   machine:execute_next_instruction tick=281    ip=0x11    ar=0x3e9   dr=0x6f    a0=0x24    a1=0x0     a2=0x0     a3=0x0     r0=0x5     r1=0x0     r2=0x0     r3=0x0     sp=0x7ff   fl=0x0     stack_top=0x19
  DEBUG   machine:execute_next_instruction JUMP
  DEBUG   machine:execute_next_instruction tick=284    ip=0x5     ar=0x3e9   dr=0x6f    a0=0x24    a1=0x0     a2=0x0     a3=0x0     r0=0x5     r1=0x0     r2=0x0     r3=0x0     sp=0x7ff   fl=0x0     stack_top=0x19
  DEBUG   machine:execute_next_instruction INCREMENT
  DEBUG   machine:execute_next_instruction tick=288    ip=0x7     ar=0x3e9   dr=0x6f    a0=0x25    a1=0x0     a2=0x0     a3=0x0     r0=0x5     r1=0x0     r2=0x0     r3=0x0     sp=0x7ff   fl=0x0     stack_top=0x19
  DEBUG   machine:execute_next_instruction COMPARE
  DEBUG   machine:execute_next_instruction tick=294    ip=0xa     ar=0x3e9   dr=0x6f    a0=0x25    a1=0x0     a2=0x0     a3=0x0     r0=0x5     r1=0x0     r2=0x0     r3=0x0     sp=0x7ff   fl=0x0     stack_top=0x19
  DEBUG   machine:execute_next_instruction JUMP_EQUAL
  DEBUG   machine:execute_next_instruction tick=297    ip=0xc     ar=0x3e9   dr=0x6f    a0=0x25    a1=0x0     a2=0x0     a3=0x0     r0=0x5     r1=0x0     r2=0x0     r3=0x0     sp=0x7ff   fl=0x0     stack_top=0x19
  DEBUG   machine:execute_next_instruction MOVE_MEM_TO_MEM
  DEBUG   machine:signal_write_memory output: 'Hello, wo' <- 'r'
  DEBUG   machine:execute_next_instruction tick=306    ip=0xf     ar=0x3e9   dr=0x72    a0=0x25    a1=0x0     a2=0x0     a3=0x0     r0=0x5     r1=0x0     r2=0x0     r3=0x0     sp=0x7ff   fl=0x0     stack_top=0x19
  DEBUG   machine:execute_next_instruction DECREMENT
  DEBUG   machine:execute_next_instruction tick=310    ip=0x11    ar=0x3e9   dr=0x72    a0=0x25    a1=0x0     a2=0x0     a3=0x0     r0=0x4     r1=0x0     r2=0x0     r3=0x0     sp=0x7ff   fl=0x0     stack_top=0x19
  DEBUG   machine:execute_next_instruction JUMP
  DEBUG   machine:execute_next_instruction tick=313    ip=0x5     ar=0x3e9   dr=0x72    a0=0x25    a1=0x0     a2=0x0     a3=0x0     r0=0x4     r1=0x0     r2=0x0     r3=0x0     sp=0x7ff   fl=0x0     stack_top=0x19
  DEBUG   machine:execute_next_instruction INCREMENT
  DEBUG   machine:execute_next_instruction tick=317    ip=0x7     ar=0x3e9   dr=0x72    a0=0x26    a1=0x0     a2=0x0     a3=0x0     r0=0x4     r1=0x0     r2=0x0     r3=0x0     sp=0x7ff   fl=0x0     stack_top=0x19
  DEBUG   machine:execute_next_instruction COMPARE
  DEBUG   machine:execute_next_instruction tick=323    ip=0xa     ar=0x3e9   dr=0x72    a0=0x26    a1=0x0     a2=0x0     a3=0x0     r0=0x4     r1=0x0     r2=0x0     r3=0x0     sp=0x7ff   fl=0x0     stack_top=0x19
  DEBUG   machine:execute_next_instruction JUMP_EQUAL
  DEBUG   machine:execute_next_instruction tick=326    ip=0xc     ar=0x3e9   dr=0x72    a0=0x26    a1=0x0     a2=0x0     a3=0x0     r0=0x4     r1=0x0     r2=0x0     r3=0x0     sp=0x7ff   fl=0x0     stack_top=0x19
  DEBUG   machine:execute_next_instruction MOVE_MEM_TO_MEM
  DEBUG   machine:signal_write_memory output: 'Hello, wor' <- 'l'
  DEBUG   machine:execute_next_instruction tick=335    ip=0xf     ar=0x3e9   dr=0x6c    a0=0x26    a1=0x0     a2=0x0     a3=0x0     r0=0x4     r1=0x0     r2=0x0     r3=0x0     sp=0x7ff   fl=0x0     stack_top=0x19
  DEBUG   machine:execute_next_instruction DECREMENT
  DEBUG   machine:execute_next_instruction tick=339    ip=0x11    ar=0x3e9   dr=0x6c    a0=0x26    a1=0x0     a2=0x0     a3=0x0     r0=0x3     r1=0x0     r2=0x0     r3=0x0     sp=0x7ff   fl=0x0     stack_top=0x19
  DEBUG   machine:execute_next_instruction JUMP
  DEBUG   machine:execute_next_instruction tick=342    ip=0x5     ar=0x3e9   dr=0x6c    a0=0x26    a1=0x0     a2=0x0     a3=0x0     r0=0x3     r1=0x0     r2=0x0     r3=0x0     sp=0x7ff   fl=0x0     stack_top=0x19
  DEBUG   machine:execute_next_instruction INCREMENT
  DEBUG   machine:execute_next_instruction tick=346    ip=0x7     ar=0x3e9   dr=0x6c    a0=0x27    a1=0x0     a2=0x0     a3=0x0     r0=0x3     r1=0x0     r2=0x0     r3=0x0     sp=0x7ff   fl=0x0     stack_top=0x19
  DEBUG   machine:execute_next_instruction COMPARE
  DEBUG   machine:execute_next_instruction tick=352    ip=0xa     ar=0x3e9   dr=0x6c    a0=0x27    a1=0x0     a2=0x0     a3=0x0     r0=0x3     r1=0x0     r2=0x0     r3=0x0     sp=0x7ff   fl=0x0     stack_top=0x19
  DEBUG   machine:execute_next_instruction JUMP_EQUAL
  DEBUG   machine:execute_next_instruction tick=355    ip=0xc     ar=0x3e9   dr=0x6c    a0=0x27    a1=0x0     a2=0x0     a3=0x0     r0=0x3     r1=0x0     r2=0x0     r3=0x0     sp=0x7ff   fl=0x0     stack_top=0x19
  DEBUG   machine:execute_next_instruction MOVE_MEM_TO_MEM
  DEBUG   machine:signal_write_memory output: 'Hello, worl' <- 'd'
  DEBUG   machine:execute_next_instruction tick=364    ip=0xf     ar=0x3e9   dr=0x64    a0=0x27    a1=0x0     a2=0x0     a3=0x0     r0=0x3     r1=0x0     r2=0x0     r3=0x0     sp=0x7ff   fl=0x0     stack_top=0x19
  DEBUG   machine:execute_next_instruction DECREMENT
  DEBUG   machine:execute_next_instruction tick=368    ip=0x11    ar=0x3e9   dr=0x64    a0=0x27    a1=0x0     a2=0x0     a3=0x0     r0=0x2     r1=0x0     r2=0x0     r3=0x0     sp=0x7ff   fl=0x0     stack_top=0x19
  DEBUG   machine:execute_next_instruction JUMP
  DEBUG   machine:execute_next_instruction tick=371    ip=0x5     ar=0x3e9   dr=0x64    a0=0x27    a1=0x0     a2=0x0     a3=0x0     r0=0x2     r1=0x0     r2=0x0     r3=0x0     sp=0x7ff   fl=0x0     stack_top=0x19
  DEBUG   machine:execute_next_instruction INCREMENT
  DEBUG   machine:execute_next_instruction tick=375    ip=0x7     ar=0x3e9   dr=0x64    a0=0x28    a1=0x0     a2=0x0     a3=0x0     r0=0x2     r1=0x0     r2=0x0     r3=0x0     sp=0x7ff   fl=0x0     stack_top=0x19
  DEBUG   machine:execute_next_instruction COMPARE
  DEBUG   machine:execute_next_instruction tick=381    ip=0xa     ar=0x3e9   dr=0x64    a0=0x28    a1=0x0     a2=0x0     a3=0x0     r0=0x2     r1=0x0     r2=0x0     r3=0x0     sp=0x7ff   fl=0x0     stack_top=0x19
  DEBUG   machine:execute_next_instruction JUMP_EQUAL
  DEBUG   machine:execute_next_instruction tick=384    ip=0xc     ar=0x3e9   dr=0x64    a0=0x28    a1=0x0     a2=0x0     a3=0x0     r0=0x2     r1=0x0     r2=0x0     r3=0x0     sp=0x7ff   fl=0x0     stack_top=0x19
  DEBUG   machine:execute_next_instruction MOVE_MEM_TO_MEM
  DEBUG   machine:signal_write_memory output: 'Hello, world' <- '!'
  DEBUG   machine:execute_next_instruction tick=393    ip=0xf     ar=0x3e9   dr=0x21    a0=0x28    a1=0x0     a2=0x0     a3=0x0     r0=0x2     r1=0x0     r2=0x0     r3=0x0     sp=0x7ff   fl=0x0     stack_top=0x19
  DEBUG   machine:execute_next_instruction DECREMENT
  DEBUG   machine:execute_next_instruction tick=397    ip=0x11    ar=0x3e9   dr=0x21    a0=0x28    a1=0x0     a2=0x0     a3=0x0     r0=0x1     r1=0x0     r2=0x0     r3=0x0     sp=0x7ff   fl=0x0     stack_top=0x19
  DEBUG   machine:execute_next_instruction JUMP
  DEBUG   machine:execute_next_instruction tick=400    ip=0x5     ar=0x3e9   dr=0x21    a0=0x28    a1=0x0     a2=0x0     a3=0x0     r0=0x1     r1=0x0     r2=0x0     r3=0x0     sp=0x7ff   fl=0x0     stack_top=0x19
  DEBUG   machine:execute_next_instruction INCREMENT
  DEBUG   machine:execute_next_instruction tick=404    ip=0x7     ar=0x3e9   dr=0x21    a0=0x29    a1=0x0     a2=0x0     a3=0x0     r0=0x1     r1=0x0     r2=0x0     r3=0x0     sp=0x7ff   fl=0x0     stack_top=0x19
  DEBUG   machine:execute_next_instruction COMPARE
  DEBUG   machine:execute_next_instruction tick=410    ip=0xa     ar=0x3e9   dr=0x21    a0=0x29    a1=0x0     a2=0x0     a3=0x0     r0=0x1     r1=0x0     r2=0x0     r3=0x0     sp=0x7ff   fl=0x0     stack_top=0x19
  DEBUG   machine:execute_next_instruction JUMP_EQUAL
  DEBUG   machine:execute_next_instruction tick=413    ip=0xc     ar=0x3e9   dr=0x21    a0=0x29    a1=0x0     a2=0x0     a3=0x0     r0=0x1     r1=0x0     r2=0x0     r3=0x0     sp=0x7ff   fl=0x0     stack_top=0x19
  DEBUG   machine:execute_next_instruction MOVE_MEM_TO_MEM
  DEBUG   machine:signal_write_memory output: 'Hello, world!' <- '\n'
  DEBUG   machine:execute_next_instruction tick=422    ip=0xf     ar=0x3e9   dr=0xa     a0=0x29    a1=0x0     a2=0x0     a3=0x0     r0=0x1     r1=0x0     r2=0x0     r3=0x0     sp=0x7ff   fl=0x0     stack_top=0x19
  DEBUG   machine:execute_next_instruction DECREMENT
  DEBUG   machine:execute_next_instruction tick=426    ip=0x11    ar=0x3e9   dr=0xa     a0=0x29    a1=0x0     a2=0x0     a3=0x0     r0=0x0     r1=0x0     r2=0x0     r3=0x0     sp=0x7ff   fl=0x0     stack_top=0x19
  DEBUG   machine:execute_next_instruction JUMP
  DEBUG   machine:execute_next_instruction tick=429    ip=0x5     ar=0x3e9   dr=0xa     a0=0x29    a1=0x0     a2=0x0     a3=0x0     r0=0x0     r1=0x0     r2=0x0     r3=0x0     sp=0x7ff   fl=0x0     stack_top=0x19
  DEBUG   machine:execute_next_instruction INCREMENT
  DEBUG   machine:execute_next_instruction tick=433    ip=0x7     ar=0x3e9   dr=0xa     a0=0x2a    a1=0x0     a2=0x0     a3=0x0     r0=0x0     r1=0x0     r2=0x0     r3=0x0     sp=0x7ff   fl=0x0     stack_top=0x19
  DEBUG   machine:execute_next_instruction COMPARE
  DEBUG   machine:execute_next_instruction tick=439    ip=0xa     ar=0x3e9   dr=0xa     a0=0x2a    a1=0x0     a2=0x0     a3=0x0     r0=0x0     r1=0x0     r2=0x0     r3=0x0     sp=0x7ff   fl=0x4     stack_top=0x19
  DEBUG   machine:execute_next_instruction JUMP_EQUAL
  DEBUG   machine:execute_next_instruction tick=442    ip=0x13    ar=0x3e9   dr=0xa     a0=0x2a    a1=0x0     a2=0x0     a3=0x0     r0=0x0     r1=0x0     r2=0x0     r3=0x0     sp=0x7ff   fl=0x4     stack_top=0x19
  DEBUG   machine:execute_next_instruction RETURN
  DEBUG   machine:execute_next_instruction tick=446    ip=0x19    ar=0x7ff   dr=0x19    a0=0x2a    a1=0x0     a2=0x0     a3=0x0     r0=0x0     r1=0x0     r2=0x0     r3=0x0     sp=0x800   fl=0x4     stack_top=?
  DEBUG   machine:execute_next_instruction HALT
  INFO    machine:main          instr: 92 ticks: 446
